// Jest Snapshot v1, https://goo.gl/fbAQLP

exports[`Button should render correctly 1`] = `
<Button>
  <div>
    <button>
      Click me
    </button>
  </div>
</Button>
`;
